  0! = 
1
  1! = 
1
  2! = 
number = 2
2
  3! = 
number =  3
number = 2
6
  4! = 
number =   4
number =  3
number = 2
24
  5! = 
number =    5
number =   4
number =  3
number = 2
120
  6! = 
number =     6
number =    5
number =   4
number =  3
number = 2
720
  7! = 
number =      7
number =     6
number =    5
number =   4
number =  3
number = 2
5040
  8! = 
number =       8
number =      7
number =     6
number =    5
number =   4
number =  3
number = 2
40320
  9! = 
number =        9
number =       8
number =      7
number =     6
number =    5
number =   4
number =  3
number = 2
362880
 10! = 
number =        10
number =        9
number =       8
number =      7
number =     6
number =    5
number =   4
number =  3
number = 2
3628800
