I have a number between 1 and 1000.
Can you guess my number?
Please type your first guess. Too high. Try again. Too low. Try again. Too low. Try again. Too high. Try again. Too high. Try again. Too high. Try again. Too low. Try again. Too high. Try again. Too high. Try again. 
Excellent! You guessed the number!
